data-science/data/preprocessed_data.csv
date,store_id,item_id,sales,price,promo,weekday,month
2021-01-01,store_1,item_3,0.9999999999999993,0.1928645294725957,1,4,1
2021-01-02,store_1,item_3,0.22948184612276734,0.6199586349534643,0,5,1
2021-01-03,store_1,item_3,0.389946518316013,0.6199586349534643,0,6,1
2021-01-04,store_1,item_3,0.49957100949051153,0.6199586349534643,0,0,1
2021-01-05,store_1,item_3,0.8969065070358964,0.6199586349534643,0,1,1
2021-01-06,store_1,item_3,0.7567288489876356,0.6199586349534643,0,2,1
2021-01-07,store_1,item_3,0.7567288489876356,0.6199586349534643,0,3,1
2021-01-08,store_1,item_3,0.6014506235097247,0.6199586349534643,0,4,1
2021-01-09,store_1,item_3,0.09621531525930295,0.6199586349534643,0,5,1
2021-01-10,store_1,item_3,0.3119440063147399,0.6199586349534643,0,6,1
2021-01-11,store_1,item_3,0.6966078565500647,0.6199586349534643,0,0,1
2021-01-12,store_1,item_3,1.4457997530495306,0.1928645294725957,1,1,1
2021-01-13,store_1,item_3,0.84245872301352,0.6199586349534643,0,2,1
2021-01-14,store_1,item_3,0.6655809609294406,0.6199586349534643,0,3,1
2021-01-15,store_1,item_3,0.6014506235097247,0.6199586349534643,0,4,1
2021-01-16,store_1,item_3,0.4639470997597899,0.6199586349534643,0,5,1
2021-01-17,store_1,item_3,0.2713020218173939,0.6199586349534643,0,6,1
2021-01-18,store_1,item_3,0.534336427651188,0.6199586349534643,0,0,1
2021-01-19,store_1,item_3,0.869939459435627,0.6199586349534643,0,1,1
2021-01-20,store_1,item_3,0.9749090190371694,0.6199586349534643,0,2,1
2021-01-21,store_1,item_3,0.7567288489876356,0.6199586349534643,0,3,1
2021-01-22,store_1,item_3,0.6014506235097247,0.6199586349534643,0,4,1
2021-01-23,store_1,item_3,0.2713020218173939,0.6199586349534643,0,5,1
2021-01-24,store_1,item_3,0.84245872301352,0.1928645294725957,1,6,1
2021-01-25,store_1,item_3,0.6655809609294406,0.6199586349534643,0,0,1
2021-01-26,store_1,item_3,0.8969065070358964,0.6199586349534643,0,1,1
2021-01-27,store_1,item_3,0.9233787183970875,0.6199586349534643,0,2,1
2021-01-28,store_1,item_3,0.7269815055935841,0.6199586349534643,0,3,1
2021-01-29,store_1,item_3,0.389946518316013,0.6199586349534643,0,4,1
2021-01-30,store_1,item_3,0.3514723705013773,0.6199586349534643,0,5,1
2021-01-31,store_1,item_3,1.1192989283723438,0.1928645294725957,1,6,1
2021-02-01,store_1,item_3,1.389946518316013,0.1928645294725957,1,0,2
2021-02-02,store_1,item_3,1.0246620542342693,0.6199586349534643,0,1,2
2021-02-03,store_1,item_3,0.9233787183970875,0.6199586349534643,0,2,2
2021-02-04,store_1,item_3,0.7567288489876356,0.6199586349534643,0,3,2
2021-02-05,store_1,item_3,0.6655809609294406,0.6199586349534643,0,4,2
2021-02-06,store_1,item_3,0.534336427651188,0.6199586349534643,0,5,2
2021-02-07,store_1,item_3,0.5682837595745255,0.6199586349534643,0,6,2
2021-02-08,store_1,item_3,1.2294818461227672,0.1928645294725957,1,0,2
2021-02-09,store_1,item_3,0.9233787183970875,0.6199586349534643,0,1,2
2021-02-10,store_1,item_3,1.0246620542342693,0.6199586349534643,0,2,2
2021-02-11,store_1,item_3,0.9493739269300323,0.6199586349534643,0,3,2
2021-02-12,store_1,item_3,1.2917661243771097,0.1928645294725957,1,4,2
2021-02-13,store_1,item_3,0.49957100949051153,0.6199586349534643,0,5,2
2021-02-14,store_1,item_3,0.6014506235097247,0.6199586349534643,0,6,2
2021-02-15,store_1,item_3,0.8144443468439231,0.6199586349534643,0,0,2
2021-02-16,store_1,item_3,1.072756342435314,0.6199586349534643,0,1,2
2021-02-17,store_1,item_3,1.096215315259303,0.6199586349534643,0,2,2
2021-02-18,store_1,item_3,0.9493739269300323,0.6199586349534643,0,3,2
2021-02-19,store_1,item_3,0.6655809609294406,0.6199586349534643,0,4,2
2021-02-20,store_1,item_3,0.534336427651188,0.6199586349534643,0,5,2
2021-02-21,store_1,item_3,0.6338721012021021,0.6199586349534643,0,6,2
2021-02-22,store_1,item_3,0.84245872301352,0.6199586349534643,0,0,2
2021-02-23,store_1,item_3,1.072756342435314,0.6199586349534643,0,1,2
2021-02-24,store_1,item_3,1.1864131242308804,0.6199586349534643,0,2,2
2021-02-25,store_1,item_3,1.5514099410101296,0.1928645294725957,1,3,2
2021-02-26,store_1,item_3,0.6655809609294406,0.6199586349534643,0,4,2
2021-02-27,store_1,item_3,0.6338721012021021,0.6199586349534643,0,5,2
2021-02-28,store_1,item_3,0.4639470997597899,0.6199586349534643,0,6,2
2021-03-01,store_1,item_3,0.7567288489876356,0.6199586349534643,0,0,3
2021-03-02,store_1,item_3,1.096215315259303,0.6199586349534643,0,1,3
2021-03-03,store_1,item_3,1.142019004872427,0.6199586349534643,0,2,3
2021-03-04,store_1,item_3,0.8969065070358964,0.6199586349534643,0,3,3
2021-03-05,store_1,item_3,0.6966078565500647,0.6199586349534643,0,4,3
2021-03-06,store_1,item_3,0.49957100949051153,0.6199586349534643,0,5,3
2021-03-07,store_1,item_3,0.6014506235097247,0.6199586349534643,0,6,3
2021-03-08,store_1,item_3,0.9493739269300323,0.6199586349534643,0,0,3
2021-03-09,store_1,item_3,1.142019004872427,0.6199586349534643,0,1,3
2021-03-10,store_1,item_3,1.142019004872427,0.6199586349534643,0,2,3
2021-03-11,store_1,item_3,1.5514099410101296,0.1928645294725957,1,3,3
2021-03-12,store_1,item_3,0.6338721012021021,0.6199586349534643,0,4,3
2021-03-13,store_1,item_3,0.7269815055935841,0.6199586349534643,0,5,3
2021-03-14,store_1,item_3,0.6966078565500647,0.6199586349534643,0,6,3
2021-03-15,store_1,item_3,1.4274212237346757,0.1928645294725957,1,0,3
2021-03-16,store_1,item_3,1.142019004872427,0.6199586349534643,0,1,3
2021-03-17,store_1,item_3,1.142019004872427,0.6199586349534643,0,2,3
2021-03-18,store_1,item_3,0.9999999999999993,0.6199586349534643,0,3,3
2021-03-19,store_1,item_3,1.370837695368308,0.1928645294725957,1,4,3
2021-03-20,store_1,item_3,0.534336427651188,0.6199586349534643,0,5,3
2021-03-21,store_1,item_3,0.6338721012021021,0.6199586349534643,0,6,3
2021-03-22,store_1,item_3,0.9233787183970875,0.6199586349534643,0,0,3
2021-03-23,store_1,item_3,1.072756342435314,0.6199586349534643,0,1,3
2021-03-24,store_1,item_3,1.2081081953301995,0.6199586349534643,0,2,3
2021-03-25,store_1,item_3,1.1643868179008816,0.6199586349534643,0,3,3
2021-03-26,store_1,item_3,0.6966078565500647,0.6199586349534643,0,4,3
2021-03-27,store_1,item_3,0.42742122373467584,0.6199586349534643,0,5,3
2021-03-28,store_1,item_3,0.4639470997597899,0.6199586349534643,0,6,3
2021-03-29,store_1,item_3,0.8969065070358964,0.6199586349534643,0,0,3
2021-03-30,store_1,item_3,1.072756342435314,0.6199586349534643,0,1,3
2021-03-31,store_1,item_3,1.1864131242308804,0.6199586349534643,0,2,3
2021-04-01,store_1,item_3,1.0489096004809457,0.6199586349534643,0,3,4
2021-04-02,store_1,item_3,0.6338721012021021,0.6199586349534643,0,4,4
2021-04-03,store_1,item_3,0.42742122373467584,0.6199586349534643,0,5,4
2021-04-04,store_1,item_3,0.6966078565500647,0.6199586349534643,0,6,4
2021-04-05,store_1,item_3,0.9233787183970875,0.6199586349534643,0,0,4
2021-04-06,store_1,item_3,1.096215315259303,0.6199586349534643,0,1,4
2021-04-07,store_1,item_3,1.0489096004809457,0.6199586349534643,0,2,4
2021-04-08,store_1,item_3,1.072756342435314,0.6199586349534643,0,3,4
2021-04-09,store_1,item_3,0.8969065070358964,0.6199586349534643,0,4,4
2021-04-10,store_1,item_3,0.6338721012021021,0.6199586349534643,0,5,4
2021-04-11,store_1,item_3,0.6014506235097247,0.6199586349534643,0,6,4
2021-04-12,store_1,item_3,1.4818690077570529,0.1928645294725957,1,0,4
2021-04-13,store_1,item_3,1.0246620542342693,0.6199586349534643,0,1,4
2021-04-14,store_1,item_3,1.7858751946471527,0.1928645294725957,1,2,4
2021-04-15,store_1,item_3,1.0246620542342693,0.6199586349534643,0,3,4
2021-04-16,store_1,item_3,1.250543461650597,0.1928645294725957,1,4,4
2021-04-17,store_1,item_3,0.5682837595745255,0.6199586349534643,0,5,4
2021-04-18,store_1,item_3,0.6966078565500647,0.6199586349534643,0,6,4
2021-04-19,store_1,item_3,0.869939459435627,0.6199586349534643,0,0,4
2021-04-20,store_1,item_3,1.072756342435314,0.6199586349534643,0,1,4
2021-04-21,store_1,item_3,1.6655809609294405,0.1928645294725957,1,2,4
2021-04-22,store_1,item_3,1.0489096004809457,0.6199586349534643,0,3,4
2021-04-23,store_1,item_3,0.6966078565500647,0.6199586349534643,0,4,4
2021-04-24,store_1,item_3,0.9999999999999993,0.1928645294725957,1,5,4
2021-04-25,store_1,item_3,0.6014506235097247,0.6199586349534643,0,6,4
2021-04-26,store_1,item_3,0.9749090190371694,0.6199586349534643,0,0,4
2021-04-27,store_1,item_3,1.072756342435314,0.6199586349534643,0,1,4
2021-04-28,store_1,item_3,1.7858751946471527,0.1928645294725957,1,2,4
2021-04-29,store_1,item_3,1.0246620542342693,0.6199586349534643,0,3,4
2021-04-30,store_1,item_3,0.7858751946471522,0.6199586349534643,0,4,4
2021-05-01,store_1,item_3,0.5682837595745255,0.6199586349534643,0,5,5
2021-05-02,store_1,item_3,0.6338721012021021,0.6199586349534643,0,6,5
2021-05-03,store_1,item_3,0.84245872301352,0.6199586349534643,0,0,5
2021-05-04,store_1,item_3,1.6338721012021022,0.1928645294725957,1,1,5
2021-05-05,store_1,item_3,1.7118746132033753,0.1928645294725957,1,2,5
2021-05-06,store_1,item_3,0.8969065070358964,0.6199586349534643,0,3,5
2021-05-07,store_1,item_3,0.6338721012021021,0.6199586349534643,0,4,5
2021-05-08,store_1,item_3,0.42742122373467584,0.6199586349534643,0,5,5
2021-05-09,store_1,item_3,0.7858751946471522,0.6199586349534643,0,6,5
2021-05-10,store_1,item_3,0.8969065070358964,0.6199586349534643,0,0,5
2021-05-11,store_1,item_3,1.6338721012021022,0.1928645294725957,1,1,5
2021-05-12,store_1,item_3,1.0246620542342693,0.6199586349534643,0,2,5
2021-05-13,store_1,item_3,0.9999999999999993,0.6199586349534643,0,3,5
2021-05-14,store_1,item_3,0.6966078565500647,0.6199586349534643,0,4,5
2021-05-15,store_1,item_3,0.534336427651188,0.6199586349534643,0,5,5
2021-05-16,store_1,item_3,0.49957100949051153,0.6199586349534643,0,6,5
2021-05-17,store_1,item_3,0.84245872301352,0.6199586349534643,0,0,5
2021-05-18,store_1,item_3,0.9999999999999993,0.6199586349534643,0,1,5
2021-05-19,store_1,item_3,1.6014506235097252,0.1928645294725957,1,2,5
2021-05-20,store_1,item_3,0.9749090190371694,0.6199586349534643,0,3,5
2021-05-21,store_1,item_3,0.534336427651188,0.6199586349534643,0,4,5
2021-05-22,store_1,item_3,0.5682837595745255,0.6199586349534643,0,5,5
2021-05-23,store_1,item_3,0.6338721012021021,0.6199586349534643,0,6,5
2021-05-24,store_1,item_3,0.6966078565500647,0.6199586349534643,0,0,5
2021-05-25,store_1,item_3,0.9233787183970875,0.6199586349534643,0,1,5
2021-05-26,store_1,item_3,1.6014506235097252,0.1928645294725957,1,2,5
2021-05-27,store_1,item_3,0.9233787183970875,0.6199586349534643,0,3,5
2021-05-28,store_1,item_3,0.6338721012021021,0.6199586349534643,0,4,5
2021-05-29,store_1,item_3,0.49957100949051153,0.6199586349534643,0,5,5
2021-05-30,store_1,item_3,0.6966078565500647,0.6199586349534643,0,6,5
2021-05-31,store_1,item_3,0.6966078565500647,0.6199586349534643,0,0,5
2021-06-01,store_1,item_3,0.8144443468439231,0.6199586349534643,0,1,6
2021-06-02,store_1,item_3,1.0489096004809457,0.6199586349534643,0,2,6
2021-06-03,store_1,item_3,0.9999999999999993,0.6199586349534643,0,3,6
2021-06-04,store_1,item_3,0.6338721012021021,0.6199586349534643,0,4,6
2021-06-05,store_1,item_3,0.3119440063147399,0.6199586349534643,0,5,6
2021-06-06,store_1,item_3,0.4639470997597899,0.6199586349534643,0,6,6
2021-06-07,store_1,item_3,0.6014506235097247,0.6199586349534643,0,0,6
2021-06-08,store_1,item_3,1.5343364276511875,0.1928645294725957,1,1,6
2021-06-09,store_1,item_3,0.84245872301352,0.6199586349534643,0,2,6
2021-06-10,store_1,item_3,0.7858751946471522,0.6199586349534643,0,3,6
2021-06-11,store_1,item_3,0.4639470997597899,0.6199586349534643,0,4,6
2021-06-12,store_1,item_3,0.389946518316013,0.6199586349534643,0,5,6
2021-06-13,store_1,item_3,0.389946518316013,0.6199586349534643,0,6,6
2021-06-14,store_1,item_3,0.6966078565500647,0.6199586349534643,0,0,6
2021-06-15,store_1,item_3,0.869939459435627,0.6199586349534643,0,1,6
2021-06-16,store_1,item_3,0.84245872301352,0.6199586349534643,0,2,6
2021-06-17,store_1,item_3,0.8144443468439231,0.6199586349534643,0,3,6
2021-06-18,store_1,item_3,0.49957100949051153,0.6199586349534643,0,4,6
2021-06-19,store_1,item_3,0.22948184612276734,0.6199586349534643,0,5,6
2021-06-20,store_1,item_3,0.6338721012021021,0.6199586349534643,0,6,6
2021-06-21,store_1,item_3,0.6655809609294406,0.6199586349534643,0,0,6
2021-06-22,store_1,item_3,0.8144443468439231,0.6199586349534643,0,1,6
2021-06-23,store_1,item_3,0.9749090190371694,0.6199586349534643,0,2,6
2021-06-24,store_1,item_3,0.8969065070358964,0.6199586349534643,0,3,6
2021-06-25,store_1,item_3,0.4639470997597899,0.6199586349534643,0,4,6
2021-06-26,store_1,item_3,0.3514723705013773,0.6199586349534643,0,5,6
2021-06-27,store_1,item_3,0.22948184612276734,0.6199586349534643,0,6,6
2021-06-28,store_1,item_3,0.5682837595745255,0.6199586349534643,0,0,6
2021-06-29,store_1,item_3,0.7567288489876356,0.6199586349534643,0,1,6
2021-06-30,store_1,item_3,0.84245872301352,0.6199586349534643,0,2,6
2021-07-01,store_1,item_3,0.6966078565500647,0.6199586349534643,0,3,7
2021-07-02,store_1,item_3,0.49957100949051153,0.6199586349534643,0,4,7
2021-07-03,store_1,item_3,0.2713020218173939,0.6199586349534643,0,5,7
2021-07-04,store_1,item_3,0.1420190048724277,0.6199586349534643,0,6,7
2021-07-05,store_1,item_3,0.42742122373467584,0.6199586349534643,0,0,7
2021-07-06,store_1,item_3,0.6966078565500647,0.6199586349534643,0,1,7
2021-07-07,store_1,item_3,0.7567288489876356,0.6199586349534643,0,2,7
2021-07-08,store_1,item_3,0.7269815055935841,0.6199586349534643,0,3,7
2021-07-09,store_1,item_3,0.22948184612276734,0.6199586349534643,0,4,7
2021-07-10,store_1,item_3,0.1420190048724277,0.6199586349534643,0,5,7
2021-07-11,store_1,item_3,0.3514723705013773,0.6199586349534643,0,6,7
2021-07-12,store_1,item_3,0.4639470997597899,0.6199586349534643,0,0,7
2021-07-13,store_1,item_3,0.7269815055935841,0.6199586349534643,0,1,7
2021-07-14,store_1,item_3,1.2917661243771097,0.1928645294725957,1,2,7
2021-07-15,store_1,item_3,0.6014506235097247,0.6199586349534643,0,3,7
2021-07-16,store_1,item_3,0.3119440063147399,0.6199586349534643,0,4,7
2021-07-17,store_1,item_3,0.22948184612276734,0.6199586349534643,0,5,7
2021-07-18,store_1,item_3,0.0,0.6199586349534643,0,6,7
2021-07-19,store_1,item_3,0.389946518316013,0.6199586349534643,0,0,7
2021-07-20,store_1,item_3,0.6655809609294406,0.6199586349534643,0,1,7
2021-07-21,store_1,item_3,0.7269815055935841,0.6199586349534643,0,2,7
2021-07-22,store_1,item_3,0.6655809609294406,0.6199586349534643,0,3,7
2021-07-23,store_1,item_3,0.22948184612276734,0.6199586349534643,0,4,7
2021-07-24,store_1,item_3,0.2713020218173939,0.6199586349534643,0,5,7
2021-07-25,store_1,item_3,0.04890960048094636,0.6199586349534643,0,6,7
2021-07-26,store_1,item_3,0.534336427651188,0.6199586349534643,0,0,7
2021-07-27,store_1,item_3,1.2081081953301995,0.1928645294725957,1,1,7
2021-07-28,store_1,item_3,1.1192989283723438,0.1928645294725957,1,2,7
2021-07-29,store_1,item_3,0.49957100949051153,0.6199586349534643,0,3,7
2021-07-30,store_1,item_3,0.22948184612276734,0.6199586349534643,0,4,7
2021-07-31,store_1,item_3,0.6655809609294406,0.1928645294725957,1,5,7
2021-08-01,store_1,item_3,0.04890960048094636,0.6199586349534643,0,6,8
2021-08-02,store_1,item_3,0.2713020218173939,0.6199586349534643,0,0,8
2021-08-03,store_1,item_3,0.6655809609294406,0.6199586349534643,0,1,8
2021-08-04,store_1,item_3,0.5682837595745255,0.6199586349534643,0,2,8
2021-08-05,store_1,item_3,0.49957100949051153,0.6199586349534643,0,3,8
2021-08-06,store_1,item_3,0.1420190048724277,0.6199586349534643,0,4,8
2021-08-07,store_1,item_3,0.22948184612276734,0.6199586349534643,0,5,8
2021-08-08,store_1,item_3,-0.050626073069968344,0.6199586349534643,0,6,8
2021-08-09,store_1,item_3,0.1864131242308811,0.6199586349534643,0,0,8
2021-08-10,store_1,item_3,0.6338721012021021,0.6199586349534643,0,1,8
2021-08-11,store_1,item_3,0.4639470997597899,0.6199586349534643,0,2,8
2021-08-12,store_1,item_3,0.534336427651188,0.6199586349534643,0,3,8
2021-08-13,store_1,item_3,0.22948184612276734,0.6199586349534643,0,4,8
2021-08-14,store_1,item_3,-0.10309349296410365,0.6199586349534643,0,5,8
2021-08-15,store_1,item_3,-0.2730184944064159,0.6199586349534643,0,6,8
2021-08-16,store_1,item_3,0.22948184612276734,0.6199586349534643,0,0,8
2021-08-17,store_1,item_3,0.42742122373467584,0.6199586349534643,0,1,8
2021-08-18,store_1,item_3,0.6014506235097247,0.6199586349534643,0,2,8
2021-08-19,store_1,item_3,0.49957100949051153,0.6199586349534643,0,3,8
2021-08-20,store_1,item_3,0.0,0.6199586349534643,0,4,8
2021-08-21,store_1,item_3,0.0,0.6199586349534643,0,5,8
2021-08-22,store_1,item_3,0.09621531525930295,0.6199586349534643,0,6,8
2021-08-23,store_1,item_3,0.3119440063147399,0.6199586349534643,0,0,8
2021-08-24,store_1,item_3,0.42742122373467584,0.6199586349534643,0,1,8
2021-08-25,store_1,item_3,0.1864131242308811,0.6199586349534643,0,2,8
2021-08-26,store_1,item_3,0.2713020218173939,0.6199586349534643,0,3,8
2021-08-27,store_1,item_3,0.49957100949051153,0.1928645294725957,1,4,8
2021-08-28,store_1,item_3,-0.15754127698648,0.6199586349534643,0,5,8
2021-08-29,store_1,item_3,0.04890960048094636,0.6199586349534643,0,6,8
2021-08-30,store_1,item_3,0.1864131242308811,0.6199586349534643,0,0,8
2021-08-31,store_1,item_3,0.4639470997597899,0.6199586349534643,0,1,8
2021-09-01,store_1,item_3,0.42742122373467584,0.6199586349534643,0,2,9
2021-09-02,store_1,item_3,0.09621531525930295,0.6199586349534643,0,3,9
2021-09-03,store_1,item_3,-0.39854937649027466,0.6199586349534643,0,4,9
2021-09-04,store_1,item_3,-0.15754127698648,0.6199586349534643,0,5,9
2021-09-05,store_1,item_3,-0.15754127698648,0.6199586349534643,0,6,9
2021-09-06,store_1,item_3,0.0,0.6199586349534643,0,0,9
2021-09-07,store_1,item_3,0.09621531525930295,0.6199586349534643,0,1,9
2021-09-08,store_1,item_3,0.869939459435627,0.1928645294725957,1,2,9
2021-09-09,store_1,item_3,0.1864131242308811,0.6199586349534643,0,3,9
2021-09-10,store_1,item_3,0.09621531525930295,0.6199586349534643,0,4,9
2021-09-11,store_1,item_3,-0.15754127698648,0.6199586349534643,0,5,9
2021-09-12,store_1,item_3,0.09621531525930295,0.6199586349534643,0,6,9
2021-09-13,store_1,item_3,-0.050626073069968344,0.6199586349534643,0,0,9
