data-science/data/preprocessed_data.csv
date,store_id,item_id,sales,price,promo,weekday,month
2021-09-14,store_1,item_3,0.389946518316013,0.6199586349534643,0,1,9
2021-09-15,store_1,item_3,0.3514723705013773,0.6199586349534643,0,2,9
2021-09-16,store_1,item_3,0.84245872301352,0.1928645294725957,1,3,9
2021-09-17,store_1,item_3,-0.10309349296410365,0.6199586349534643,0,4,9
2021-09-18,store_1,item_3,-0.050626073069968344,0.6199586349534643,0,5,9
2021-09-19,store_1,item_3,-0.10309349296410365,0.6199586349534643,0,6,9
2021-09-20,store_1,item_3,0.0,0.6199586349534643,0,0,9
2021-09-21,store_1,item_3,0.2713020218173939,0.6199586349534643,0,1,9
2021-09-22,store_1,item_3,0.3119440063147399,0.6199586349534643,0,2,9
2021-09-23,store_1,item_3,0.2713020218173939,0.6199586349534643,0,3,9
2021-09-24,store_1,item_3,-0.21412480535284784,0.6199586349534643,0,4,9
2021-09-25,store_1,item_3,-0.21412480535284784,0.6199586349534643,0,5,9
2021-09-26,store_1,item_3,-0.10309349296410365,0.6199586349534643,0,6,9
2021-09-27,store_1,item_3,0.09621531525930295,0.6199586349534643,0,0,9
2021-09-28,store_1,item_3,0.42742122373467584,0.6199586349534643,0,1,9
2021-09-29,store_1,item_3,0.42742122373467584,0.6199586349534643,0,2,9
2021-09-30,store_1,item_3,0.1864131242308811,0.6199586349534643,0,3,9
2021-10-01,store_1,item_3,0.0,0.6199586349534643,0,4,10
2021-10-02,store_1,item_3,-0.15754127698648,0.6199586349534643,0,5,10
2021-10-03,store_1,item_3,-0.10309349296410365,0.6199586349534643,0,6,10
2021-10-04,store_1,item_3,-0.21412480535284784,0.6199586349534643,0,0,10
2021-10-05,store_1,item_3,0.22948184612276734,0.6199586349534643,0,1,10
2021-10-06,store_1,item_3,0.1420190048724277,0.6199586349534643,0,2,10
2021-10-07,store_1,item_3,0.3514723705013773,0.6199586349534643,0,3,10
2021-10-08,store_1,item_3,-0.050626073069968344,0.6199586349534643,0,4,10
2021-10-09,store_1,item_3,-0.2730184944064159,0.6199586349534643,0,5,10
2021-10-10,store_1,item_3,0.0,0.6199586349534643,0,6,10
2021-10-11,store_1,item_3,0.1420190048724277,0.6199586349534643,0,0,10
2021-10-12,store_1,item_3,0.1420190048724277,0.6199586349534643,0,1,10
2021-10-13,store_1,item_3,0.3514723705013773,0.6199586349534643,0,2,10
2021-10-14,store_1,item_3,0.1864131242308811,0.6199586349534643,0,3,10
2021-10-15,store_1,item_3,-0.3344190390705594,0.6199586349534643,0,4,10
2021-10-16,store_1,item_3,-0.3344190390705594,0.6199586349534643,0,5,10
2021-10-17,store_1,item_3,-0.15754127698648,0.6199586349534643,0,6,10
2021-10-18,store_1,item_3,0.09621531525930295,0.6199586349534643,0,0,10
2021-10-19,store_1,item_3,0.1420190048724277,0.6199586349534643,0,1,10
2021-10-20,store_1,item_3,0.49957100949051153,0.6199586349534643,0,2,10
2021-10-21,store_1,item_3,0.22948184612276734,0.6199586349534643,0,3,10
2021-10-22,store_1,item_3,0.0,0.6199586349534643,0,4,10
2021-10-23,store_1,item_3,-0.10309349296410365,0.6199586349534643,0,5,10
2021-10-24,store_1,item_3,-0.21412480535284784,0.6199586349534643,0,6,10
2021-10-25,store_1,item_3,0.1864131242308811,0.6199586349534643,0,0,10
2021-10-26,store_1,item_3,0.3119440063147399,0.6199586349534643,0,1,10
2021-10-27,store_1,item_3,0.8969065070358964,0.1928645294725957,1,2,10
2021-10-28,store_1,item_3,0.3119440063147399,0.6199586349534643,0,3,10
2021-10-29,store_1,item_3,0.22948184612276734,0.6199586349534643,0,4,10
2021-10-30,store_1,item_3,-0.050626073069968344,0.6199586349534643,0,5,10
2021-10-31,store_1,item_3,0.5682837595745255,0.1928645294725957,1,6,10
2021-11-01,store_1,item_3,0.6966078565500647,0.1928645294725957,1,0,11
2021-11-02,store_1,item_3,0.1864131242308811,0.6199586349534643,0,1,11
2021-11-03,store_1,item_3,0.5682837595745255,0.6199586349534643,0,2,11
2021-11-04,store_1,item_3,0.534336427651188,0.6199586349534643,0,3,11
2021-11-05,store_1,item_3,0.2713020218173939,0.6199586349534643,0,4,11
2021-11-06,store_1,item_3,-0.15754127698648,0.6199586349534643,0,5,11
2021-11-07,store_1,item_3,-0.21412480535284784,0.6199586349534643,0,6,11
2021-11-08,store_1,item_3,0.04890960048094636,0.6199586349534643,0,0,11
2021-11-09,store_1,item_3,0.22948184612276734,0.6199586349534643,0,1,11
2021-11-10,store_1,item_3,0.4639470997597899,0.6199586349534643,0,2,11
2021-11-11,store_1,item_3,0.49957100949051153,0.6199586349534643,0,3,11
2021-11-12,store_1,item_3,0.09621531525930295,0.6199586349534643,0,4,11
2021-11-13,store_1,item_3,0.0,0.6199586349534643,0,5,11
2021-11-14,store_1,item_3,0.1864131242308811,0.6199586349534643,0,6,11
2021-11-15,store_1,item_3,0.1864131242308811,0.6199586349534643,0,0,11
2021-11-16,store_1,item_3,0.6655809609294406,0.6199586349534643,0,1,11
2021-11-17,store_1,item_3,0.6966078565500647,0.6199586349534643,0,2,11
2021-11-18,store_1,item_3,0.3514723705013773,0.6199586349534643,0,3,11
2021-11-19,store_1,item_3,0.04890960048094636,0.6199586349534643,0,4,11
2021-11-20,store_1,item_3,0.09621531525930295,0.6199586349534643,0,5,11
2021-11-21,store_1,item_3,0.0,0.6199586349534643,0,6,11
2021-11-22,store_1,item_3,0.1420190048724277,0.6199586349534643,0,0,11
2021-11-23,store_1,item_3,0.6338721012021021,0.6199586349534643,0,1,11
2021-11-24,store_1,item_3,0.6655809609294406,0.6199586349534643,0,2,11
2021-11-25,store_1,item_3,0.4639470997597899,0.6199586349534643,0,3,11
2021-11-26,store_1,item_3,0.0,0.6199586349534643,0,4,11
2021-11-27,store_1,item_3,-0.15754127698648,0.6199586349534643,0,5,11
2021-11-28,store_1,item_3,0.09621531525930295,0.6199586349534643,0,6,11
2021-11-29,store_1,item_3,0.2713020218173939,0.6199586349534643,0,0,11
2021-11-30,store_1,item_3,1.1192989283723438,0.1928645294725957,1,1,11
2021-12-01,store_1,item_3,0.6966078565500647,0.6199586349534643,0,2,12
2021-12-02,store_1,item_3,0.5682837595745255,0.6199586349534643,0,3,12
2021-12-03,store_1,item_3,0.42742122373467584,0.6199586349534643,0,4,12
2021-12-04,store_1,item_3,0.5682837595745255,0.1928645294725957,1,5,12
2021-12-05,store_1,item_3,0.09621531525930295,0.6199586349534643,0,6,12
2021-12-06,store_1,item_3,0.49957100949051153,0.6199586349534643,0,0,12
2021-12-07,store_1,item_3,0.6655809609294406,0.6199586349534643,0,1,12
2021-12-08,store_1,item_3,0.8144443468439231,0.6199586349534643,0,2,12
2021-12-09,store_1,item_3,0.5682837595745255,0.6199586349534643,0,3,12
2021-12-10,store_1,item_3,0.49957100949051153,0.6199586349534643,0,4,12
2021-12-11,store_1,item_3,0.1864131242308811,0.6199586349534643,0,5,12
2021-12-12,store_1,item_3,0.3514723705013773,0.6199586349534643,0,6,12
2021-12-13,store_1,item_3,0.42742122373467584,0.6199586349534643,0,0,12
2021-12-14,store_1,item_3,0.6655809609294406,0.6199586349534643,0,1,12
2021-12-15,store_1,item_3,0.8144443468439231,0.6199586349534643,0,2,12
2021-12-16,store_1,item_3,0.7567288489876356,0.6199586349534643,0,3,12
2021-12-17,store_1,item_3,0.42742122373467584,0.6199586349534643,0,4,12
2021-12-18,store_1,item_3,0.1864131242308811,0.6199586349534643,0,5,12
2021-12-19,store_1,item_3,0.42742122373467584,0.6199586349534643,0,6,12
2021-12-20,store_1,item_3,0.2713020218173939,0.6199586349534643,0,0,12
2021-12-21,store_1,item_3,0.6014506235097247,0.6199586349534643,0,1,12
2021-12-22,store_1,item_3,0.84245872301352,0.6199586349534643,0,2,12
2021-12-23,store_1,item_3,0.6655809609294406,0.6199586349534643,0,3,12
2021-12-24,store_1,item_3,0.4639470997597899,0.6199586349534643,0,4,12
2021-12-25,store_1,item_3,0.2713020218173939,0.6199586349534643,0,5,12
2021-12-26,store_1,item_3,0.9233787183970875,0.1928645294725957,1,6,12
2021-12-27,store_1,item_3,0.4639470997597899,0.6199586349534643,0,0,12
2021-12-28,store_1,item_3,0.8144443468439231,0.6199586349534643,0,1,12
2021-12-29,store_1,item_3,0.9233787183970875,0.6199586349534643,0,2,12
2021-12-30,store_1,item_3,0.8144443468439231,0.6199586349534643,0,3,12
2021-12-31,store_1,item_3,0.6655809609294406,0.6199586349534643,0,4,12
2022-01-01,store_1,item_3,0.3119440063147399,0.6199586349534643,0,5,1
2022-01-02,store_1,item_3,0.389946518316013,0.6199586349534643,0,6,1
2022-01-03,store_1,item_3,0.4639470997597899,0.6199586349534643,0,0,1
2022-01-04,store_1,item_3,0.7858751946471522,0.6199586349534643,0,1,1
2022-01-05,store_1,item_3,0.869939459435627,0.6199586349534643,0,2,1
2022-01-06,store_1,item_3,0.84245872301352,0.6199586349534643,0,3,1
2022-01-07,store_1,item_3,0.4639470997597899,0.6199586349534643,0,4,1
2022-01-08,store_1,item_3,0.42742122373467584,0.6199586349534643,0,5,1
2022-01-09,store_1,item_3,0.42742122373467584,0.6199586349534643,0,6,1
2022-01-10,store_1,item_3,0.6655809609294406,0.6199586349534643,0,0,1
2022-01-11,store_1,item_3,0.8969065070358964,0.6199586349534643,0,1,1
2022-01-12,store_1,item_3,0.8969065070358964,0.6199586349534643,0,2,1
2022-01-13,store_1,item_3,0.7567288489876356,0.6199586349534643,0,3,1
2022-01-14,store_1,item_3,1.0246620542342693,0.1928645294725957,1,4,1
2022-01-15,store_1,item_3,0.9493739269300323,0.1928645294725957,1,5,1
2022-01-16,store_1,item_3,0.9999999999999993,0.1928645294725957,1,6,1
2022-01-17,store_1,item_3,0.6655809609294406,0.6199586349534643,0,0,1
2022-01-18,store_1,item_3,0.9493739269300323,0.6199586349534643,0,1,1
2022-01-19,store_1,item_3,1.0246620542342693,0.6199586349534643,0,2,1
2022-01-20,store_1,item_3,0.869939459435627,0.6199586349534643,0,3,1
2022-01-21,store_1,item_3,0.6966078565500647,0.6199586349534643,0,4,1
2022-01-22,store_1,item_3,0.49957100949051153,0.6199586349534643,0,5,1
2022-01-23,store_1,item_3,1.072756342435314,0.1928645294725957,1,6,1
2022-01-24,store_1,item_3,0.7269815055935841,0.6199586349534643,0,0,1
2022-01-25,store_1,item_3,1.568283759574525,0.1928645294725957,1,1,1
2022-01-26,store_1,item_3,1.072756342435314,0.6199586349534643,0,2,1
2022-01-27,store_1,item_3,0.9999999999999993,0.6199586349534643,0,3,1
2022-01-28,store_1,item_3,0.7567288489876356,0.6199586349534643,0,4,1
2022-01-29,store_1,item_3,0.42742122373467584,0.6199586349534643,0,5,1
2022-01-30,store_1,item_3,0.534336427651188,0.6199586349534643,0,6,1
2022-01-31,store_1,item_3,0.869939459435627,0.6199586349534643,0,0,1
2022-02-01,store_1,item_3,1.096215315259303,0.6199586349534643,0,1,2
2022-02-02,store_1,item_3,1.1192989283723438,0.6199586349534643,0,2,2
2022-02-03,store_1,item_3,0.9233787183970875,0.6199586349534643,0,3,2
2022-02-04,store_1,item_3,0.5682837595745255,0.6199586349534643,0,4,2
2022-02-05,store_1,item_3,0.42742122373467584,0.6199586349534643,0,5,2
2022-02-06,store_1,item_3,0.6338721012021021,0.6199586349534643,0,6,2
2022-02-07,store_1,item_3,0.869939459435627,0.6199586349534643,0,0,2
2022-02-08,store_1,item_3,0.9749090190371694,0.6199586349534643,0,1,2
2022-02-09,store_1,item_3,1.096215315259303,0.6199586349534643,0,2,2
2022-02-10,store_1,item_3,1.0246620542342693,0.6199586349534643,0,3,2
2022-02-11,store_1,item_3,0.6338721012021021,0.6199586349534643,0,4,2
2022-02-12,store_1,item_3,0.6655809609294406,0.6199586349534643,0,5,2
2022-02-13,store_1,item_3,0.6014506235097247,0.6199586349534643,0,6,2
2022-02-14,store_1,item_3,0.9749090190371694,0.6199586349534643,0,0,2
2022-02-15,store_1,item_3,1.0489096004809457,0.6199586349534643,0,1,2
2022-02-16,store_1,item_3,1.6655809609294405,0.1928645294725957,1,2,2
2022-02-17,store_1,item_3,0.9749090190371694,0.6199586349534643,0,3,2
2022-02-18,store_1,item_3,0.7567288489876356,0.6199586349534643,0,4,2
2022-02-19,store_1,item_3,0.534336427651188,0.6199586349534643,0,5,2
2022-02-20,store_1,item_3,0.6338721012021021,0.6199586349534643,0,6,2
2022-02-21,store_1,item_3,1.4995710094905115,0.1928645294725957,1,0,2
2022-02-22,store_1,item_3,1.096215315259303,0.6199586349534643,0,1,2
2022-02-23,store_1,item_3,1.1643868179008816,0.6199586349534643,0,2,2
2022-02-24,store_1,item_3,0.8969065070358964,0.6199586349534643,0,3,2
2022-02-25,store_1,item_3,0.8144443468439231,0.6199586349534643,0,4,2
2022-02-26,store_1,item_3,0.6014506235097247,0.6199586349534643,0,5,2
2022-02-27,store_1,item_3,0.8144443468439231,0.6199586349534643,0,6,2
2022-02-28,store_1,item_3,0.84245872301352,0.6199586349534643,0,0,2
2022-03-01,store_1,item_3,0.9999999999999993,0.6199586349534643,0,1,3
2022-03-02,store_1,item_3,1.2294818461227672,0.6199586349534643,0,2,3
2022-03-03,store_1,item_3,1.072756342435314,0.6199586349534643,0,3,3
2022-03-04,store_1,item_3,0.7269815055935841,0.6199586349534643,0,4,3
2022-03-05,store_1,item_3,0.4639470997597899,0.6199586349534643,0,5,3
2022-03-06,store_1,item_3,0.84245872301352,0.6199586349534643,0,6,3
2022-03-07,store_1,item_3,1.0489096004809457,0.6199586349534643,0,0,3
2022-03-08,store_1,item_3,0.9749090190371694,0.6199586349534643,0,1,3
2022-03-09,store_1,item_3,1.1864131242308804,0.6199586349534643,0,2,3
2022-03-10,store_1,item_3,1.1864131242308804,0.6199586349534643,0,3,3
2022-03-11,store_1,item_3,0.7858751946471522,0.6199586349534643,0,4,3
2022-03-12,store_1,item_3,1.1864131242308804,0.1928645294725957,1,5,3
2022-03-13,store_1,item_3,0.6966078565500647,0.6199586349534643,0,6,3
2022-03-14,store_1,item_3,0.869939459435627,0.6199586349534643,0,0,3
2022-03-15,store_1,item_3,1.0489096004809457,0.6199586349534643,0,1,3
2022-03-16,store_1,item_3,1.2917661243771097,0.6199586349534643,0,2,3
2022-03-17,store_1,item_3,0.9493739269300323,0.6199586349534643,0,3,3
2022-03-18,store_1,item_3,1.4274212237346757,0.1928645294725957,1,4,3
2022-03-19,store_1,item_3,1.2917661243771097,0.1928645294725957,1,5,3
2022-03-20,store_1,item_3,0.6014506235097247,0.6199586349534643,0,6,3
2022-03-21,store_1,item_3,1.4995710094905115,0.1928645294725957,1,0,3
2022-03-22,store_1,item_3,1.250543461650597,0.6199586349534643,0,1,3
2022-03-23,store_1,item_3,1.2713020218173945,0.6199586349534643,0,2,3
2022-03-24,store_1,item_3,1.0489096004809457,0.6199586349534643,0,3,3
2022-03-25,store_1,item_3,0.9493739269300323,0.6199586349534643,0,4,3
2022-03-26,store_1,item_3,0.7858751946471522,0.6199586349534643,0,5,3
2022-03-27,store_1,item_3,0.7567288489876356,0.6199586349534643,0,6,3
2022-03-28,store_1,item_3,0.9233787183970875,0.6199586349534643,0,0,3
2022-03-29,store_1,item_3,1.1643868179008816,0.6199586349534643,0,1,3
2022-03-30,store_1,item_3,1.250543461650597,0.6199586349534643,0,2,3
2022-03-31,store_1,item_3,1.096215315259303,0.6199586349534643,0,3,3
2022-04-01,store_1,item_3,0.9233787183970875,0.6199586349534643,0,4,4
2022-04-02,store_1,item_3,0.534336427651188,0.6199586349534643,0,5,4
2022-04-03,store_1,item_3,0.6014506235097247,0.6199586349534643,0,6,4
2022-04-04,store_1,item_3,0.9999999999999993,0.6199586349534643,0,0,4
2022-04-05,store_1,item_3,1.1643868179008816,0.6199586349534643,0,1,4
2022-04-06,store_1,item_3,1.1864131242308804,0.6199586349534643,0,2,4
2022-04-07,store_1,item_3,0.9749090190371694,0.6199586349534643,0,3,4
2022-04-08,store_1,item_3,1.4274212237346757,0.1928645294725957,1,4,4
2022-04-09,store_1,item_3,0.6655809609294406,0.6199586349534643,0,5,4
2022-04-10,store_1,item_3,1.351472370501378,0.1928645294725957,1,6,4
2022-04-11,store_1,item_3,0.9749090190371694,0.6199586349534643,0,0,4
2022-04-12,store_1,item_3,1.1864131242308804,0.6199586349534643,0,1,4
2022-04-13,store_1,item_3,1.3119440063147398,0.6199586349534643,0,2,4
2022-04-14,store_1,item_3,0.9999999999999993,0.6199586349534643,0,3,4
2022-04-15,store_1,item_3,0.8969065070358964,0.6199586349534643,0,4,4
2022-04-16,store_1,item_3,0.49957100949051153,0.6199586349534643,0,5,4
2022-04-17,store_1,item_3,0.6655809609294406,0.6199586349534643,0,6,4
2022-04-18,store_1,item_3,0.869939459435627,0.6199586349534643,0,0,4
2022-04-19,store_1,item_3,1.2294818461227672,0.6199586349534643,0,1,4
2022-04-20,store_1,item_3,1.2294818461227672,0.6199586349534643,0,2,4
2022-04-21,store_1,item_3,1.096215315259303,0.6199586349534643,0,3,4
2022-04-22,store_1,item_3,0.7567288489876356,0.6199586349534643,0,4,4
2022-04-23,store_1,item_3,0.6338721012021021,0.6199586349534643,0,5,4
2022-04-24,store_1,item_3,0.6655809609294406,0.6199586349534643,0,6,4
2022-04-25,store_1,item_3,0.9999999999999993,0.6199586349534643,0,0,4
2022-04-26,store_1,item_3,1.096215315259303,0.6199586349534643,0,1,4
2022-04-27,store_1,item_3,1.2917661243771097,0.6199586349534643,0,2,4
2022-04-28,store_1,item_3,0.9493739269300323,0.6199586349534643,0,3,4
2022-04-29,store_1,item_3,0.7567288489876356,0.6199586349534643,0,4,4
2022-04-30,store_1,item_3,0.7858751946471522,0.6199586349534643,0,5,4
2022-05-01,store_1,item_3,0.6655809609294406,0.6199586349534643,0,6,5
2022-05-02,store_1,item_3,0.84245872301352,0.6199586349534643,0,0,5
2022-05-03,store_1,item_3,1.1643868179008816,0.6199586349534643,0,1,5
2022-05-04,store_1,item_3,1.1643868179008816,0.6199586349534643,0,2,5
2022-05-05,store_1,item_3,0.9999999999999993,0.6199586349534643,0,3,5
2022-05-06,store_1,item_3,0.6966078565500647,0.6199586349534643,0,4,5
2022-05-07,store_1,item_3,0.869939459435627,0.6199586349534643,0,5,5
2022-05-08,store_1,item_3,0.6655809609294406,0.6199586349534643,0,6,5
2022-05-09,store_1,item_3,0.7567288489876356,0.6199586349534643,0,0,5
2022-05-10,store_1,item_3,1.2294818461227672,0.6199586349534643,0,1,5
2022-05-11,store_1,item_3,1.2081081953301995,0.6199586349534643,0,2,5
2022-05-12,store_1,item_3,0.9749090190371694,0.6199586349534643,0,3,5
2022-05-13,store_1,item_3,1.2917661243771097,0.1928645294725957,1,4,5
2022-05-14,store_1,item_3,0.6655809609294406,0.6199586349534643,0,5,5
2022-05-15,store_1,item_3,0.6338721012021021,0.6199586349534643,0,6,5
2022-05-16,store_1,item_3,0.7269815055935841,0.6199586349534643,0,0,5
2022-05-17,store_1,item_3,1.2081081953301995,0.6199586349534643,0,1,5
2022-05-18,store_1,item_3,1.1192989283723438,0.6199586349534643,0,2,5
2022-05-19,store_1,item_3,1.1192989283723438,0.6199586349534643,0,3,5
2022-05-20,store_1,item_3,0.869939459435627,0.6199586349534643,0,4,5
2022-05-21,store_1,item_3,0.4639470997597899,0.6199586349534643,0,5,5
2022-05-22,store_1,item_3,0.7269815055935841,0.6199586349534643,0,6,5
2022-05-23,store_1,item_3,0.8144443468439231,0.6199586349534643,0,0,5
2022-05-24,store_1,item_3,0.9233787183970875,0.6199586349534643,0,1,5
2022-05-25,store_1,item_3,1.072756342435314,0.6199586349534643,0,2,5
2022-05-26,store_1,item_3,0.9999999999999993,0.6199586349534643,0,3,5
