data-science/data/preprocessed_data.csv
date,store_id,item_id,sales,price,promo,weekday,month
2022-05-27,store_1,item_3,0.6655809609294406,0.6199586349534643,0,4,5
2022-05-28,store_1,item_3,0.49957100949051153,0.6199586349534643,0,5,5
2022-05-29,store_1,item_3,0.6966078565500647,0.6199586349534643,0,6,5
2022-05-30,store_1,item_3,0.84245872301352,0.6199586349534643,0,0,5
2022-05-31,store_1,item_3,0.9749090190371694,0.6199586349534643,0,1,5
2022-06-01,store_1,item_3,1.1192989283723438,0.6199586349534643,0,2,6
2022-06-02,store_1,item_3,0.9493739269300323,0.6199586349534643,0,3,6
2022-06-03,store_1,item_3,0.42742122373467584,0.6199586349534643,0,4,6
2022-06-04,store_1,item_3,0.534336427651188,0.6199586349534643,0,5,6
2022-06-05,store_1,item_3,0.6014506235097247,0.6199586349534643,0,6,6
2022-06-06,store_1,item_3,0.7858751946471522,0.6199586349534643,0,0,6
2022-06-07,store_1,item_3,1.0489096004809457,0.6199586349534643,0,1,6
2022-06-08,store_1,item_3,0.9749090190371694,0.6199586349534643,0,2,6
2022-06-09,store_1,item_3,0.9233787183970875,0.6199586349534643,0,3,6
2022-06-10,store_1,item_3,1.1192989283723438,0.1928645294725957,1,4,6
2022-06-11,store_1,item_3,0.49957100949051153,0.6199586349534643,0,5,6
2022-06-12,store_1,item_3,1.2294818461227672,0.1928645294725957,1,6,6
2022-06-13,store_1,item_3,0.6655809609294406,0.6199586349534643,0,0,6
2022-06-14,store_1,item_3,0.8969065070358964,0.6199586349534643,0,1,6
2022-06-15,store_1,item_3,1.5343364276511875,0.1928645294725957,1,2,6
2022-06-16,store_1,item_3,0.869939459435627,0.6199586349534643,0,3,6
2022-06-17,store_1,item_3,0.49957100949051153,0.6199586349534643,0,4,6
2022-06-18,store_1,item_3,0.4639470997597899,0.6199586349534643,0,5,6
2022-06-19,store_1,item_3,0.5682837595745255,0.6199586349534643,0,6,6
2022-06-20,store_1,item_3,0.7567288489876356,0.6199586349534643,0,0,6
2022-06-21,store_1,item_3,0.7567288489876356,0.6199586349534643,0,1,6
2022-06-22,store_1,item_3,1.0246620542342693,0.6199586349534643,0,2,6
2022-06-23,store_1,item_3,0.8969065070358964,0.6199586349534643,0,3,6
2022-06-24,store_1,item_3,0.6338721012021021,0.6199586349534643,0,4,6
2022-06-25,store_1,item_3,0.42742122373467584,0.6199586349534643,0,5,6
2022-06-26,store_1,item_3,0.4639470997597899,0.6199586349534643,0,6,6
2022-06-27,store_1,item_3,0.7567288489876356,0.6199586349534643,0,0,6
2022-06-28,store_1,item_3,0.9999999999999993,0.6199586349534643,0,1,6
2022-06-29,store_1,item_3,0.8144443468439231,0.6199586349534643,0,2,6
2022-06-30,store_1,item_3,0.84245872301352,0.6199586349534643,0,3,6
2022-07-01,store_1,item_3,0.49957100949051153,0.6199586349534643,0,4,7
2022-07-02,store_1,item_3,0.3119440063147399,0.6199586349534643,0,5,7
2022-07-03,store_1,item_3,0.1864131242308811,0.6199586349534643,0,6,7
2022-07-04,store_1,item_3,1.1643868179008816,0.1928645294725957,1,0,7
2022-07-05,store_1,item_3,0.7269815055935841,0.6199586349534643,0,1,7
2022-07-06,store_1,item_3,0.8144443468439231,0.6199586349534643,0,2,7
2022-07-07,store_1,item_3,0.6014506235097247,0.6199586349534643,0,3,7
2022-07-08,store_1,item_3,0.389946518316013,0.6199586349534643,0,4,7
2022-07-09,store_1,item_3,0.22948184612276734,0.6199586349534643,0,5,7
2022-07-10,store_1,item_3,0.3514723705013773,0.6199586349534643,0,6,7
2022-07-11,store_1,item_3,0.389946518316013,0.6199586349534643,0,0,7
2022-07-12,store_1,item_3,0.6338721012021021,0.6199586349534643,0,1,7
2022-07-13,store_1,item_3,0.84245872301352,0.6199586349534643,0,2,7
2022-07-14,store_1,item_3,0.5682837595745255,0.6199586349534643,0,3,7
2022-07-15,store_1,item_3,0.534336427651188,0.6199586349534643,0,4,7
2022-07-16,store_1,item_3,0.22948184612276734,0.6199586349534643,0,5,7
2022-07-17,store_1,item_3,0.3514723705013773,0.6199586349534643,0,6,7
2022-07-18,store_1,item_3,0.6655809609294406,0.6199586349534643,0,0,7
2022-07-19,store_1,item_3,0.6655809609294406,0.6199586349534643,0,1,7
2022-07-20,store_1,item_3,0.6966078565500647,0.6199586349534643,0,2,7
2022-07-21,store_1,item_3,0.6966078565500647,0.6199586349534643,0,3,7
2022-07-22,store_1,item_3,0.42742122373467584,0.6199586349534643,0,4,7
2022-07-23,store_1,item_3,0.1420190048724277,0.6199586349534643,0,5,7
2022-07-24,store_1,item_3,0.9233787183970875,0.1928645294725957,1,6,7
2022-07-25,store_1,item_3,0.42742122373467584,0.6199586349534643,0,0,7
2022-07-26,store_1,item_3,0.6655809609294406,0.6199586349534643,0,1,7
2022-07-27,store_1,item_3,0.6966078565500647,0.6199586349534643,0,2,7
2022-07-28,store_1,item_3,0.4639470997597899,0.6199586349534643,0,3,7
2022-07-29,store_1,item_3,0.3119440063147399,0.6199586349534643,0,4,7
2022-07-30,store_1,item_3,0.3119440063147399,0.6199586349534643,0,5,7
2022-07-31,store_1,item_3,0.22948184612276734,0.6199586349534643,0,6,7
2022-08-01,store_1,item_3,0.42742122373467584,0.6199586349534643,0,0,8
2022-08-02,store_1,item_3,0.6014506235097247,0.6199586349534643,0,1,8
2022-08-03,store_1,item_3,0.6655809609294406,0.6199586349534643,0,2,8
2022-08-04,store_1,item_3,0.5682837595745255,0.6199586349534643,0,3,8
2022-08-05,store_1,item_3,0.3119440063147399,0.6199586349534643,0,4,8
2022-08-06,store_1,item_3,0.0,0.6199586349534643,0,5,8
2022-08-07,store_1,item_3,0.1864131242308811,0.6199586349534643,0,6,8
2022-08-08,store_1,item_3,0.42742122373467584,0.6199586349534643,0,0,8
2022-08-09,store_1,item_3,0.4639470997597899,0.6199586349534643,0,1,8
2022-08-10,store_1,item_3,0.6014506235097247,0.6199586349534643,0,2,8
2022-08-11,store_1,item_3,0.1864131242308811,0.6199586349534643,0,3,8
2022-08-12,store_1,item_3,0.2713020218173939,0.6199586349534643,0,4,8
2022-08-13,store_1,item_3,0.6655809609294406,0.1928645294725957,1,5,8
2022-08-14,store_1,item_3,0.1864131242308811,0.6199586349534643,0,6,8
2022-08-15,store_1,item_3,0.2713020218173939,0.6199586349534643,0,0,8
2022-08-16,store_1,item_3,0.534336427651188,0.6199586349534643,0,1,8
2022-08-17,store_1,item_3,0.6966078565500647,0.6199586349534643,0,2,8
2022-08-18,store_1,item_3,0.5682837595745255,0.6199586349534643,0,3,8
2022-08-19,store_1,item_3,0.1420190048724277,0.6199586349534643,0,4,8
2022-08-20,store_1,item_3,0.0,0.6199586349534643,0,5,8
2022-08-21,store_1,item_3,0.1864131242308811,0.6199586349534643,0,6,8
2022-08-22,store_1,item_3,0.04890960048094636,0.6199586349534643,0,0,8
2022-08-23,store_1,item_3,0.42742122373467584,0.6199586349534643,0,1,8
2022-08-24,store_1,item_3,0.6338721012021021,0.6199586349534643,0,2,8
2022-08-25,store_1,item_3,0.4639470997597899,0.6199586349534643,0,3,8
2022-08-26,store_1,item_3,0.1864131242308811,0.6199586349534643,0,4,8
2022-08-27,store_1,item_3,0.3514723705013773,0.1928645294725957,1,5,8
2022-08-28,store_1,item_3,0.0,0.6199586349534643,0,6,8
2022-08-29,store_1,item_3,0.1420190048724277,0.6199586349534643,0,0,8
2022-08-30,store_1,item_3,0.4639470997597899,0.6199586349534643,0,1,8
2022-08-31,store_1,item_3,0.389946518316013,0.6199586349534643,0,2,8
2022-09-01,store_1,item_3,0.1864131242308811,0.6199586349534643,0,3,9
2022-09-02,store_1,item_3,-0.21412480535284784,0.6199586349534643,0,4,9
2022-09-03,store_1,item_3,0.09621531525930295,0.6199586349534643,0,5,9
2022-09-04,store_1,item_3,-0.10309349296410365,0.6199586349534643,0,6,9
2022-09-05,store_1,item_3,0.22948184612276734,0.6199586349534643,0,0,9
2022-09-06,store_1,item_3,0.389946518316013,0.6199586349534643,0,1,9
2022-09-07,store_1,item_3,0.3119440063147399,0.6199586349534643,0,2,9
2022-09-08,store_1,item_3,0.1420190048724277,0.6199586349534643,0,3,9
2022-09-09,store_1,item_3,-0.10309349296410365,0.6199586349534643,0,4,9
2022-09-10,store_1,item_3,-0.2730184944064159,0.6199586349534643,0,5,9
2022-09-11,store_1,item_3,0.0,0.6199586349534643,0,6,9
2022-09-12,store_1,item_3,0.04890960048094636,0.6199586349534643,0,0,9
2022-09-13,store_1,item_3,0.5682837595745255,0.6199586349534643,0,1,9
2022-09-14,store_1,item_3,0.534336427651188,0.6199586349534643,0,2,9
2022-09-15,store_1,item_3,0.389946518316013,0.6199586349534643,0,3,9
2022-09-16,store_1,item_3,0.0,0.6199586349534643,0,4,9
2022-09-17,store_1,item_3,0.09621531525930295,0.6199586349534643,0,5,9
2022-09-18,store_1,item_3,-0.10309349296410365,0.6199586349534643,0,6,9
2022-09-19,store_1,item_3,0.1420190048724277,0.6199586349534643,0,0,9
2022-09-20,store_1,item_3,0.389946518316013,0.6199586349534643,0,1,9
2022-09-21,store_1,item_3,0.4639470997597899,0.6199586349534643,0,2,9
2022-09-22,store_1,item_3,0.3514723705013773,0.6199586349534643,0,3,9
2022-09-23,store_1,item_3,-0.050626073069968344,0.6199586349534643,0,4,9
2022-09-24,store_1,item_3,-0.2730184944064159,0.6199586349534643,0,5,9
2022-09-25,store_1,item_3,0.0,0.6199586349534643,0,6,9
2022-09-26,store_1,item_3,0.22948184612276734,0.6199586349534643,0,0,9
2022-09-27,store_1,item_3,0.3119440063147399,0.6199586349534643,0,1,9
2022-09-28,store_1,item_3,0.1864131242308811,0.6199586349534643,0,2,9
2022-09-29,store_1,item_3,0.22948184612276734,0.6199586349534643,0,3,9
2022-09-30,store_1,item_3,0.09621531525930295,0.6199586349534643,0,4,9
2022-10-01,store_1,item_3,0.6014506235097247,0.1928645294725957,1,5,10
2022-10-02,store_1,item_3,-0.2730184944064159,0.6199586349534643,0,6,10
2022-10-03,store_1,item_3,0.09621531525930295,0.6199586349534643,0,0,10
2022-10-04,store_1,item_3,0.3119440063147399,0.6199586349534643,0,1,10
2022-10-05,store_1,item_3,0.534336427651188,0.6199586349534643,0,2,10
2022-10-06,store_1,item_3,0.2713020218173939,0.6199586349534643,0,3,10
2022-10-07,store_1,item_3,-0.10309349296410365,0.6199586349534643,0,4,10
2022-10-08,store_1,item_3,-0.050626073069968344,0.6199586349534643,0,5,10
2022-10-09,store_1,item_3,-0.15754127698648,0.6199586349534643,0,6,10
2022-10-10,store_1,item_3,0.0,0.6199586349534643,0,0,10
2022-10-11,store_1,item_3,0.2713020218173939,0.6199586349534643,0,1,10
2022-10-12,store_1,item_3,0.6014506235097247,0.6199586349534643,0,2,10
2022-10-13,store_1,item_3,0.3119440063147399,0.6199586349534643,0,3,10
2022-10-14,store_1,item_3,0.04890960048094636,0.6199586349534643,0,4,10
2022-10-15,store_1,item_3,-0.15754127698648,0.6199586349534643,0,5,10
2022-10-16,store_1,item_3,0.0,0.6199586349534643,0,6,10
2022-10-17,store_1,item_3,0.22948184612276734,0.6199586349534643,0,0,10
2022-10-18,store_1,item_3,0.42742122373467584,0.6199586349534643,0,1,10
2022-10-19,store_1,item_3,0.42742122373467584,0.6199586349534643,0,2,10
2022-10-20,store_1,item_3,0.389946518316013,0.6199586349534643,0,3,10
2022-10-21,store_1,item_3,0.04890960048094636,0.6199586349534643,0,4,10
2022-10-22,store_1,item_3,-0.2730184944064159,0.6199586349534643,0,5,10
2022-10-23,store_1,item_3,-0.15754127698648,0.6199586349534643,0,6,10
2022-10-24,store_1,item_3,-0.10309349296410365,0.6199586349534643,0,0,10
2022-10-25,store_1,item_3,1.1192989283723438,0.1928645294725957,1,1,10
2022-10-26,store_1,item_3,0.534336427651188,0.6199586349534643,0,2,10
2022-10-27,store_1,item_3,0.22948184612276734,0.6199586349534643,0,3,10
2022-10-28,store_1,item_3,0.04890960048094636,0.6199586349534643,0,4,10
2022-10-29,store_1,item_3,-0.21412480535284784,0.6199586349534643,0,5,10
2022-10-30,store_1,item_3,0.1864131242308811,0.6199586349534643,0,6,10
2022-10-31,store_1,item_3,0.04890960048094636,0.6199586349534643,0,0,10
2022-11-01,store_1,item_3,0.4639470997597899,0.6199586349534643,0,1,11
2022-11-02,store_1,item_3,1.0489096004809457,0.1928645294725957,1,2,11
2022-11-03,store_1,item_3,0.4639470997597899,0.6199586349534643,0,3,11
2022-11-04,store_1,item_3,0.09621531525930295,0.6199586349534643,0,4,11
2022-11-05,store_1,item_3,0.3119440063147399,0.1928645294725957,1,5,11
2022-11-06,store_1,item_3,0.0,0.6199586349534643,0,6,11
2022-11-07,store_1,item_3,0.7567288489876356,0.1928645294725957,1,0,11
2022-11-08,store_1,item_3,1.0489096004809457,0.1928645294725957,1,1,11
2022-11-09,store_1,item_3,0.6655809609294406,0.6199586349534643,0,2,11
2022-11-10,store_1,item_3,0.1864131242308811,0.6199586349534643,0,3,11
2022-11-11,store_1,item_3,0.04890960048094636,0.6199586349534643,0,4,11
2022-11-12,store_1,item_3,-0.10309349296410365,0.6199586349534643,0,5,11
2022-11-13,store_1,item_3,0.6014506235097247,0.1928645294725957,1,6,11
2022-11-14,store_1,item_3,0.389946518316013,0.6199586349534643,0,0,11
2022-11-15,store_1,item_3,0.49957100949051153,0.6199586349534643,0,1,11
2022-11-16,store_1,item_3,0.6014506235097247,0.6199586349534643,0,2,11
2022-11-17,store_1,item_3,0.389946518316013,0.6199586349534643,0,3,11
2022-11-18,store_1,item_3,0.22948184612276734,0.6199586349534643,0,4,11
2022-11-19,store_1,item_3,0.1420190048724277,0.6199586349534643,0,5,11
2022-11-20,store_1,item_3,0.0,0.6199586349534643,0,6,11
2022-11-21,store_1,item_3,0.4639470997597899,0.6199586349534643,0,0,11
2022-11-22,store_1,item_3,1.142019004872427,0.1928645294725957,1,1,11
2022-11-23,store_1,item_3,0.7269815055935841,0.6199586349534643,0,2,11
2022-11-24,store_1,item_3,0.4639470997597899,0.6199586349534643,0,3,11
2022-11-25,store_1,item_3,0.3119440063147399,0.6199586349534643,0,4,11
2022-11-26,store_1,item_3,0.09621531525930295,0.6199586349534643,0,5,11
2022-11-27,store_1,item_3,0.1420190048724277,0.6199586349534643,0,6,11
2022-11-28,store_1,item_3,0.9999999999999993,0.1928645294725957,1,0,11
2022-11-29,store_1,item_3,0.6655809609294406,0.6199586349534643,0,1,11
2022-11-30,store_1,item_3,0.5682837595745255,0.6199586349534643,0,2,11
2022-12-01,store_1,item_3,0.6966078565500647,0.6199586349534643,0,3,12
2022-12-02,store_1,item_3,0.04890960048094636,0.6199586349534643,0,4,12
2022-12-03,store_1,item_3,0.04890960048094636,0.6199586349534643,0,5,12
2022-12-04,store_1,item_3,0.1864131242308811,0.6199586349534643,0,6,12
2022-12-05,store_1,item_3,0.49957100949051153,0.6199586349534643,0,0,12
2022-12-06,store_1,item_3,0.8144443468439231,0.6199586349534643,0,1,12
2022-12-07,store_1,item_3,0.5682837595745255,0.6199586349534643,0,2,12
2022-12-08,store_1,item_3,0.5682837595745255,0.6199586349534643,0,3,12
2022-12-09,store_1,item_3,0.09621531525930295,0.6199586349534643,0,4,12
2022-12-10,store_1,item_3,0.1864131242308811,0.6199586349534643,0,5,12
2022-12-11,store_1,item_3,0.869939459435627,0.1928645294725957,1,6,12
2022-12-12,store_1,item_3,0.6655809609294406,0.6199586349534643,0,0,12
2022-12-13,store_1,item_3,0.7269815055935841,0.6199586349534643,0,1,12
2022-12-14,store_1,item_3,1.4274212237346757,0.1928645294725957,1,2,12
2022-12-15,store_1,item_3,0.7269815055935841,0.6199586349534643,0,3,12
2022-12-16,store_1,item_3,0.389946518316013,0.6199586349534643,0,4,12
2022-12-17,store_1,item_3,0.04890960048094636,0.6199586349534643,0,5,12
2022-12-18,store_1,item_3,0.3514723705013773,0.6199586349534643,0,6,12
2022-12-19,store_1,item_3,0.42742122373467584,0.6199586349534643,0,0,12
2022-12-20,store_1,item_3,0.8969065070358964,0.6199586349534643,0,1,12
2022-12-21,store_1,item_3,0.8144443468439231,0.6199586349534643,0,2,12
2022-12-22,store_1,item_3,0.8144443468439231,0.6199586349534643,0,3,12
2022-12-23,store_1,item_3,1.0246620542342693,0.1928645294725957,1,4,12
2022-12-24,store_1,item_3,0.3514723705013773,0.6199586349534643,0,5,12
2022-12-25,store_1,item_3,0.389946518316013,0.6199586349534643,0,6,12
2022-12-26,store_1,item_3,0.6338721012021021,0.6199586349534643,0,0,12
2022-12-27,store_1,item_3,0.8144443468439231,0.6199586349534643,0,1,12
2022-12-28,store_1,item_3,0.9233787183970875,0.6199586349534643,0,2,12
2022-12-29,store_1,item_3,1.2917661243771097,0.1928645294725957,1,3,12
2022-12-30,store_1,item_3,0.389946518316013,0.6199586349534643,0,4,12
2022-12-31,store_1,item_3,0.49957100949051153,0.6199586349534643,0,5,12
2023-01-01,store_1,item_3,0.49957100949051153,0.6199586349534643,0,6,1
2023-01-02,store_1,item_3,0.6966078565500647,0.6199586349534643,0,0,1
2023-01-03,store_1,item_3,1.0246620542342693,0.6199586349534643,0,1,1
2023-01-04,store_1,item_3,0.9233787183970875,0.6199586349534643,0,2,1
2023-01-05,store_1,item_3,0.9233787183970875,0.6199586349534643,0,3,1
2023-01-06,store_1,item_3,0.6014506235097247,0.6199586349534643,0,4,1
2023-01-07,store_1,item_3,0.2713020218173939,0.6199586349534643,0,5,1
2023-01-08,store_1,item_3,0.6655809609294406,0.6199586349534643,0,6,1
2023-01-09,store_1,item_3,0.8144443468439231,0.6199586349534643,0,0,1
2023-01-10,store_1,item_3,0.9233787183970875,0.6199586349534643,0,1,1
2023-01-11,store_1,item_3,1.0489096004809457,0.6199586349534643,0,2,1
2023-01-12,store_1,item_3,0.84245872301352,0.6199586349534643,0,3,1
2023-01-13,store_1,item_3,0.6966078565500647,0.6199586349534643,0,4,1
2023-01-14,store_1,item_3,0.1864131242308811,0.6199586349534643,0,5,1
2023-01-15,store_1,item_3,0.42742122373467584,0.6199586349534643,0,6,1
2023-01-16,store_1,item_3,0.869939459435627,0.6199586349534643,0,0,1
2023-01-17,store_1,item_3,1.5514099410101296,0.1928645294725957,1,1,1
2023-01-18,store_1,item_3,1.0489096004809457,0.6199586349534643,0,2,1
2023-01-19,store_1,item_3,0.8144443468439231,0.6199586349534643,0,3,1
2023-01-20,store_1,item_3,0.84245872301352,0.6199586349534643,0,4,1
2023-01-21,store_1,item_3,0.6338721012021021,0.6199586349534643,0,5,1
2023-01-22,store_1,item_3,0.5682837595745255,0.6199586349534643,0,6,1
2023-01-23,store_1,item_3,0.7858751946471522,0.6199586349534643,0,0,1
2023-01-24,store_1,item_3,1.1192989283723438,0.6199586349534643,0,1,1
2023-01-25,store_1,item_3,1.7567288489876363,0.1928645294725957,1,2,1
2023-01-26,store_1,item_3,1.0246620542342693,0.6199586349534643,0,3,1
2023-01-27,store_1,item_3,0.8969065070358964,0.6199586349534643,0,4,1
2023-01-28,store_1,item_3,0.4639470997597899,0.6199586349534643,0,5,1
2023-01-29,store_1,item_3,0.534336427651188,0.6199586349534643,0,6,1
2023-01-30,store_1,item_3,0.7567288489876356,0.6199586349534643,0,0,1
2023-01-31,store_1,item_3,1.1192989283723438,0.6199586349534643,0,1,1
2023-02-01,store_1,item_3,1.142019004872427,0.6199586349534643,0,2,2
2023-02-02,store_1,item_3,0.9999999999999993,0.6199586349534643,0,3,2
2023-02-03,store_1,item_3,0.84245872301352,0.6199586349534643,0,4,2
2023-02-04,store_1,item_3,1.250543461650597,0.1928645294725957,1,5,2
2023-02-05,store_1,item_3,0.49957100949051153,0.6199586349534643,0,6,2
2023-02-06,store_1,item_3,0.84245872301352,0.6199586349534643,0,0,2
