data-science/data/preprocessed_data.csv
date,store_id,item_id,sales,price,promo,weekday,month
2023-08-08,store_1,item_4,0.49957100949051153,0.8022233712512928,0,1,8
2023-08-09,store_1,item_4,0.6014506235097247,0.8022233712512928,0,2,8
2023-08-10,store_1,item_4,0.2713020218173939,0.8022233712512928,0,3,8
2023-08-11,store_1,item_4,0.1420190048724277,0.8022233712512928,0,4,8
2023-08-12,store_1,item_4,0.0,0.8022233712512928,0,5,8
2023-08-13,store_1,item_4,0.0,0.8022233712512928,0,6,8
2023-08-14,store_1,item_4,0.869939459435627,0.3386763185108584,1,0,8
2023-08-15,store_1,item_4,0.6014506235097247,0.8022233712512928,0,1,8
2023-08-16,store_1,item_4,0.6338721012021021,0.8022233712512928,0,2,8
2023-08-17,store_1,item_4,0.6014506235097247,0.8022233712512928,0,3,8
2023-08-18,store_1,item_4,-0.050626073069968344,0.8022233712512928,0,4,8
2023-08-19,store_1,item_4,-0.050626073069968344,0.8022233712512928,0,5,8
2023-08-20,store_1,item_4,0.22948184612276734,0.8022233712512928,0,6,8
2023-08-21,store_1,item_4,0.04890960048094636,0.8022233712512928,0,0,8
2023-08-22,store_1,item_4,0.3514723705013773,0.8022233712512928,0,1,8
2023-08-23,store_1,item_4,0.4639470997597899,0.8022233712512928,0,2,8
2023-08-24,store_1,item_4,0.6014506235097247,0.8022233712512928,0,3,8
2023-08-25,store_1,item_4,0.0,0.8022233712512928,0,4,8
2023-08-26,store_1,item_4,0.09621531525930295,0.8022233712512928,0,5,8
2023-08-27,store_1,item_4,0.0,0.8022233712512928,0,6,8
2023-08-28,store_1,item_4,0.09621531525930295,0.8022233712512928,0,0,8
2023-08-29,store_1,item_4,0.7269815055935841,0.8022233712512928,0,1,8
2023-08-30,store_1,item_4,0.49957100949051153,0.8022233712512928,0,2,8
2023-08-31,store_1,item_4,0.389946518316013,0.8022233712512928,0,3,8
2023-09-01,store_1,item_4,0.1864131242308811,0.8022233712512928,0,4,9
2023-09-02,store_1,item_4,0.0,0.8022233712512928,0,5,9
2023-09-03,store_1,item_4,0.2713020218173939,0.8022233712512928,0,6,9
2023-09-04,store_1,item_4,0.9493739269300323,0.3386763185108584,1,0,9
2023-09-05,store_1,item_4,0.3119440063147399,0.8022233712512928,0,1,9
2023-09-06,store_1,item_4,0.6655809609294406,0.8022233712512928,0,2,9
2023-09-07,store_1,item_4,0.84245872301352,0.3386763185108584,1,3,9
2023-09-08,store_1,item_4,0.1420190048724277,0.8022233712512928,0,4,9
2023-09-09,store_1,item_4,-0.3344190390705594,0.8022233712512928,0,5,9
2023-09-10,store_1,item_4,0.09621531525930295,0.8022233712512928,0,6,9
2023-09-11,store_1,item_4,0.1420190048724277,0.8022233712512928,0,0,9
2023-09-12,store_1,item_4,0.2713020218173939,0.8022233712512928,0,1,9
2023-09-13,store_1,item_4,0.5682837595745255,0.8022233712512928,0,2,9
2023-09-14,store_1,item_4,0.4639470997597899,0.8022233712512928,0,3,9
2023-09-15,store_1,item_4,0.2713020218173939,0.8022233712512928,0,4,9
2023-09-16,store_1,item_4,-0.39854937649027466,0.8022233712512928,0,5,9
2023-09-17,store_1,item_4,0.6655809609294406,0.3386763185108584,1,6,9
2023-09-18,store_1,item_4,0.1420190048724277,0.8022233712512928,0,0,9
2023-09-19,store_1,item_4,0.6014506235097247,0.8022233712512928,0,1,9
2023-09-20,store_1,item_4,0.49957100949051153,0.8022233712512928,0,2,9
2023-09-21,store_1,item_4,0.3119440063147399,0.8022233712512928,0,3,9
2023-09-22,store_1,item_4,0.04890960048094636,0.8022233712512928,0,4,9
2023-09-23,store_1,item_4,-0.15754127698648,0.8022233712512928,0,5,9
2023-09-24,store_1,item_4,-0.15754127698648,0.8022233712512928,0,6,9
2023-09-25,store_1,item_4,0.0,0.8022233712512928,0,0,9
2023-09-26,store_1,item_4,0.3119440063147399,0.8022233712512928,0,1,9
2023-09-27,store_1,item_4,0.534336427651188,0.8022233712512928,0,2,9
2023-09-28,store_1,item_4,0.09621531525930295,0.8022233712512928,0,3,9
2023-09-29,store_1,item_4,0.22948184612276734,0.8022233712512928,0,4,9
2023-09-30,store_1,item_4,0.42742122373467584,0.3386763185108584,1,5,9
2023-10-01,store_1,item_4,0.5682837595745255,0.3386763185108584,1,6,10
2023-10-02,store_1,item_4,0.8144443468439231,0.3386763185108584,1,0,10
2023-10-03,store_1,item_4,0.4639470997597899,0.8022233712512928,0,1,10
2023-10-04,store_1,item_4,0.42742122373467584,0.8022233712512928,0,2,10
2023-10-05,store_1,item_4,0.2713020218173939,0.8022233712512928,0,3,10
2023-10-06,store_1,item_4,0.1420190048724277,0.8022233712512928,0,4,10
2023-10-07,store_1,item_4,-0.3344190390705594,0.8022233712512928,0,5,10
2023-10-08,store_1,item_4,-0.2730184944064159,0.8022233712512928,0,6,10
2023-10-09,store_1,item_4,0.09621531525930295,0.8022233712512928,0,0,10
2023-10-10,store_1,item_4,0.42742122373467584,0.8022233712512928,0,1,10
2023-10-11,store_1,item_4,0.6338721012021021,0.8022233712512928,0,2,10
2023-10-12,store_1,item_4,0.3119440063147399,0.8022233712512928,0,3,10
2023-10-13,store_1,item_4,0.3119440063147399,0.8022233712512928,0,4,10
2023-10-14,store_1,item_4,-0.050626073069968344,0.8022233712512928,0,5,10
2023-10-15,store_1,item_4,0.4639470997597899,0.3386763185108584,1,6,10
2023-10-16,store_1,item_4,0.3119440063147399,0.8022233712512928,0,0,10
2023-10-17,store_1,item_4,0.3514723705013773,0.8022233712512928,0,1,10
2023-10-18,store_1,item_4,0.4639470997597899,0.8022233712512928,0,2,10
2023-10-19,store_1,item_4,0.1420190048724277,0.8022233712512928,0,3,10
2023-10-20,store_1,item_4,-0.15754127698648,0.8022233712512928,0,4,10
2023-10-21,store_1,item_4,0.534336427651188,0.3386763185108584,1,5,10
2023-10-22,store_1,item_4,0.1420190048724277,0.8022233712512928,0,6,10
2023-10-23,store_1,item_4,0.9493739269300323,0.3386763185108584,1,0,10
2023-10-24,store_1,item_4,0.3119440063147399,0.8022233712512928,0,1,10
2023-10-25,store_1,item_4,0.6338721012021021,0.8022233712512928,0,2,10
2023-10-26,store_1,item_4,0.49957100949051153,0.8022233712512928,0,3,10
2023-10-27,store_1,item_4,0.04890960048094636,0.8022233712512928,0,4,10
2023-10-28,store_1,item_4,0.1420190048724277,0.8022233712512928,0,5,10
2023-10-29,store_1,item_4,0.1420190048724277,0.8022233712512928,0,6,10
2023-10-30,store_1,item_4,0.389946518316013,0.8022233712512928,0,0,10
2023-10-31,store_1,item_4,0.6655809609294406,0.8022233712512928,0,1,10
2023-11-01,store_1,item_4,1.142019004872427,0.3386763185108584,1,2,11
2023-11-02,store_1,item_4,0.09621531525930295,0.8022233712512928,0,3,11
2023-11-03,store_1,item_4,0.1864131242308811,0.8022233712512928,0,4,11
2023-11-04,store_1,item_4,-0.2730184944064159,0.8022233712512928,0,5,11
2023-11-05,store_1,item_4,0.04890960048094636,0.8022233712512928,0,6,11
2023-11-06,store_1,item_4,0.2713020218173939,0.8022233712512928,0,0,11
2023-11-07,store_1,item_4,0.42742122373467584,0.8022233712512928,0,1,11
2023-11-08,store_1,item_4,0.42742122373467584,0.8022233712512928,0,2,11
2023-11-09,store_1,item_4,0.3514723705013773,0.8022233712512928,0,3,11
2023-11-10,store_1,item_4,0.1420190048724277,0.8022233712512928,0,4,11
2023-11-11,store_1,item_4,0.0,0.8022233712512928,0,5,11
2023-11-12,store_1,item_4,0.09621531525930295,0.8022233712512928,0,6,11
2023-11-13,store_1,item_4,0.389946518316013,0.8022233712512928,0,0,11
2023-11-14,store_1,item_4,0.49957100949051153,0.8022233712512928,0,1,11
2023-11-15,store_1,item_4,0.6966078565500647,0.8022233712512928,0,2,11
2023-11-16,store_1,item_4,0.4639470997597899,0.8022233712512928,0,3,11
2023-11-17,store_1,item_4,0.3514723705013773,0.8022233712512928,0,4,11
2023-11-18,store_1,item_4,0.0,0.8022233712512928,0,5,11
2023-11-19,store_1,item_4,0.4639470997597899,0.8022233712512928,0,6,11
2023-11-20,store_1,item_4,0.42742122373467584,0.8022233712512928,0,0,11
2023-11-21,store_1,item_4,0.7269815055935841,0.8022233712512928,0,1,11
2023-11-22,store_1,item_4,0.5682837595745255,0.8022233712512928,0,2,11
2023-11-23,store_1,item_4,0.4639470997597899,0.8022233712512928,0,3,11
2023-11-24,store_1,item_4,0.22948184612276734,0.8022233712512928,0,4,11
2023-11-25,store_1,item_4,0.42742122373467584,0.8022233712512928,0,5,11
2023-11-26,store_1,item_4,0.1420190048724277,0.8022233712512928,0,6,11
2023-11-27,store_1,item_4,0.3119440063147399,0.8022233712512928,0,0,11
2023-11-28,store_1,item_4,0.7567288489876356,0.8022233712512928,0,1,11
2023-11-29,store_1,item_4,0.6966078565500647,0.8022233712512928,0,2,11
2023-11-30,store_1,item_4,0.534336427651188,0.8022233712512928,0,3,11
2023-12-01,store_1,item_4,0.22948184612276734,0.8022233712512928,0,4,12
2023-12-02,store_1,item_4,0.22948184612276734,0.8022233712512928,0,5,12
2023-12-03,store_1,item_4,0.3514723705013773,0.8022233712512928,0,6,12
2023-12-04,store_1,item_4,0.5682837595745255,0.8022233712512928,0,0,12
2023-12-05,store_1,item_4,0.6338721012021021,0.8022233712512928,0,1,12
2023-12-06,store_1,item_4,0.6338721012021021,0.8022233712512928,0,2,12
2023-12-07,store_1,item_4,0.1420190048724277,0.8022233712512928,0,3,12
2023-12-08,store_1,item_4,0.2713020218173939,0.8022233712512928,0,4,12
2023-12-09,store_1,item_4,0.1420190048724277,0.8022233712512928,0,5,12
2023-12-10,store_1,item_4,0.2713020218173939,0.8022233712512928,0,6,12
2023-12-11,store_1,item_4,0.49957100949051153,0.8022233712512928,0,0,12
2023-12-12,store_1,item_4,0.9749090190371694,0.8022233712512928,0,1,12
2023-12-13,store_1,item_4,0.84245872301352,0.8022233712512928,0,2,12
2023-12-14,store_1,item_4,0.534336427651188,0.8022233712512928,0,3,12
2023-12-15,store_1,item_4,0.49957100949051153,0.8022233712512928,0,4,12
2023-12-16,store_1,item_4,0.3119440063147399,0.8022233712512928,0,5,12
2023-12-17,store_1,item_4,0.1864131242308811,0.8022233712512928,0,6,12
2023-12-18,store_1,item_4,0.6014506235097247,0.8022233712512928,0,0,12
2023-12-19,store_1,item_4,0.84245872301352,0.8022233712512928,0,1,12
2023-12-20,store_1,item_4,0.9233787183970875,0.8022233712512928,0,2,12
2023-12-21,store_1,item_4,0.5682837595745255,0.8022233712512928,0,3,12
2023-12-22,store_1,item_4,0.5682837595745255,0.8022233712512928,0,4,12
2023-12-23,store_1,item_4,0.4639470997597899,0.8022233712512928,0,5,12
2023-12-24,store_1,item_4,0.6014506235097247,0.8022233712512928,0,6,12
2023-12-25,store_1,item_4,0.49957100949051153,0.8022233712512928,0,0,12
2023-12-26,store_1,item_4,0.84245872301352,0.8022233712512928,0,1,12
2023-12-27,store_1,item_4,0.8969065070358964,0.8022233712512928,0,2,12
2023-12-28,store_1,item_4,0.84245872301352,0.8022233712512928,0,3,12
2023-12-29,store_1,item_4,1.096215315259303,0.3386763185108584,1,4,12
2023-12-30,store_1,item_4,0.2713020218173939,0.8022233712512928,0,5,12
2023-12-31,store_1,item_4,0.4639470997597899,0.8022233712512928,0,6,12
